Traceback (most recent call last):
  File "/home/jfpiolle/mambaforge/envs/cciseastate/lib/python3.10/site-packages/jupyter_cache/executors/utils.py", line 58, in single_nb_execution
    executenb(
  File "/home/jfpiolle/mambaforge/envs/cciseastate/lib/python3.10/site-packages/nbclient/client.py", line 1314, in execute
    return NotebookClient(nb=nb, resources=resources, km=km, **kwargs).execute()
  File "/home/jfpiolle/mambaforge/envs/cciseastate/lib/python3.10/site-packages/jupyter_core/utils/__init__.py", line 165, in wrapped
    return loop.run_until_complete(inner)
  File "/home/jfpiolle/mambaforge/envs/cciseastate/lib/python3.10/asyncio/base_events.py", line 649, in run_until_complete
    return future.result()
  File "/home/jfpiolle/mambaforge/envs/cciseastate/lib/python3.10/site-packages/nbclient/client.py", line 709, in async_execute
    await self.async_execute_cell(
  File "/home/jfpiolle/mambaforge/envs/cciseastate/lib/python3.10/site-packages/nbclient/client.py", line 1062, in async_execute_cell
    await self._check_raise_for_error(cell, cell_index, exec_reply)
  File "/home/jfpiolle/mambaforge/envs/cciseastate/lib/python3.10/site-packages/nbclient/client.py", line 918, in _check_raise_for_error
    raise CellExecutionError.from_cell_and_msg(cell, exec_reply_content)
nbclient.exceptions.CellExecutionError: An error occurred while executing the following cell:
------------------
ds = xr.open_dataset('https://tds0.ifremer.fr/thredds/dodsC/ESACCI-SEASTATE-L4-SWH-MULTI_1M')
ds
------------------


[0;31m---------------------------------------------------------------------------[0m
[0;31mValueError[0m                                Traceback (most recent call last)
Cell [0;32mIn[2], line 1[0m
[0;32m----> 1[0m ds [38;5;241m=[39m [43mxr[49m[38;5;241;43m.[39;49m[43mopen_dataset[49m[43m([49m[38;5;124;43m'[39;49m[38;5;124;43mhttps://tds0.ifremer.fr/thredds/dodsC/ESACCI-SEASTATE-L4-SWH-MULTI_1M[39;49m[38;5;124;43m'[39;49m[43m)[49m
[1;32m      2[0m ds

File [0;32m~/mambaforge/envs/cciseastate/lib/python3.10/site-packages/xarray/backends/api.py:572[0m, in [0;36mopen_dataset[0;34m(filename_or_obj, engine, chunks, cache, decode_cf, mask_and_scale, decode_times, decode_timedelta, use_cftime, concat_characters, decode_coords, drop_variables, inline_array, chunked_array_type, from_array_kwargs, backend_kwargs, **kwargs)[0m
[1;32m    560[0m decoders [38;5;241m=[39m _resolve_decoders_kwargs(
[1;32m    561[0m     decode_cf,
[1;32m    562[0m     open_backend_dataset_parameters[38;5;241m=[39mbackend[38;5;241m.[39mopen_dataset_parameters,
[0;32m   (...)[0m
[1;32m    568[0m     decode_coords[38;5;241m=[39mdecode_coords,
[1;32m    569[0m )
[1;32m    571[0m overwrite_encoded_chunks [38;5;241m=[39m kwargs[38;5;241m.[39mpop([38;5;124m"[39m[38;5;124moverwrite_encoded_chunks[39m[38;5;124m"[39m, [38;5;28;01mNone[39;00m)
[0;32m--> 572[0m backend_ds [38;5;241m=[39m [43mbackend[49m[38;5;241;43m.[39;49m[43mopen_dataset[49m[43m([49m
[1;32m    573[0m [43m    [49m[43mfilename_or_obj[49m[43m,[49m
[1;32m    574[0m [43m    [49m[43mdrop_variables[49m[38;5;241;43m=[39;49m[43mdrop_variables[49m[43m,[49m
[1;32m    575[0m [43m    [49m[38;5;241;43m*[39;49m[38;5;241;43m*[39;49m[43mdecoders[49m[43m,[49m
[1;32m    576[0m [43m    [49m[38;5;241;43m*[39;49m[38;5;241;43m*[39;49m[43mkwargs[49m[43m,[49m
[1;32m    577[0m [43m[49m[43m)[49m
[1;32m    578[0m ds [38;5;241m=[39m _dataset_from_backend_dataset(
[1;32m    579[0m     backend_ds,
[1;32m    580[0m     filename_or_obj,
[0;32m   (...)[0m
[1;32m    590[0m     [38;5;241m*[39m[38;5;241m*[39mkwargs,
[1;32m    591[0m )
[1;32m    592[0m [38;5;28;01mreturn[39;00m ds

File [0;32m~/mambaforge/envs/cciseastate/lib/python3.10/site-packages/xarray/backends/netCDF4_.py:658[0m, in [0;36mNetCDF4BackendEntrypoint.open_dataset[0;34m(self, filename_or_obj, mask_and_scale, decode_times, concat_characters, decode_coords, drop_variables, use_cftime, decode_timedelta, group, mode, format, clobber, diskless, persist, lock, autoclose)[0m
[1;32m    656[0m store_entrypoint [38;5;241m=[39m StoreBackendEntrypoint()
[1;32m    657[0m [38;5;28;01mwith[39;00m close_on_error(store):
[0;32m--> 658[0m     ds [38;5;241m=[39m [43mstore_entrypoint[49m[38;5;241;43m.[39;49m[43mopen_dataset[49m[43m([49m
[1;32m    659[0m [43m        [49m[43mstore[49m[43m,[49m
[1;32m    660[0m [43m        [49m[43mmask_and_scale[49m[38;5;241;43m=[39;49m[43mmask_and_scale[49m[43m,[49m
[1;32m    661[0m [43m        [49m[43mdecode_times[49m[38;5;241;43m=[39;49m[43mdecode_times[49m[43m,[49m
[1;32m    662[0m [43m        [49m[43mconcat_characters[49m[38;5;241;43m=[39;49m[43mconcat_characters[49m[43m,[49m
[1;32m    663[0m [43m        [49m[43mdecode_coords[49m[38;5;241;43m=[39;49m[43mdecode_coords[49m[43m,[49m
[1;32m    664[0m [43m        [49m[43mdrop_variables[49m[38;5;241;43m=[39;49m[43mdrop_variables[49m[43m,[49m
[1;32m    665[0m [43m        [49m[43muse_cftime[49m[38;5;241;43m=[39;49m[43muse_cftime[49m[43m,[49m
[1;32m    666[0m [43m        [49m[43mdecode_timedelta[49m[38;5;241;43m=[39;49m[43mdecode_timedelta[49m[43m,[49m
[1;32m    667[0m [43m    [49m[43m)[49m
[1;32m    668[0m [38;5;28;01mreturn[39;00m ds

File [0;32m~/mambaforge/envs/cciseastate/lib/python3.10/site-packages/xarray/backends/store.py:58[0m, in [0;36mStoreBackendEntrypoint.open_dataset[0;34m(self, filename_or_obj, mask_and_scale, decode_times, concat_characters, decode_coords, drop_variables, use_cftime, decode_timedelta)[0m
[1;32m     44[0m encoding [38;5;241m=[39m filename_or_obj[38;5;241m.[39mget_encoding()
[1;32m     46[0m [38;5;28mvars[39m, attrs, coord_names [38;5;241m=[39m conventions[38;5;241m.[39mdecode_cf_variables(
[1;32m     47[0m     [38;5;28mvars[39m,
[1;32m     48[0m     attrs,
[0;32m   (...)[0m
[1;32m     55[0m     decode_timedelta[38;5;241m=[39mdecode_timedelta,
[1;32m     56[0m )
[0;32m---> 58[0m ds [38;5;241m=[39m [43mDataset[49m[43m([49m[38;5;28;43mvars[39;49m[43m,[49m[43m [49m[43mattrs[49m[38;5;241;43m=[39;49m[43mattrs[49m[43m)[49m
[1;32m     59[0m ds [38;5;241m=[39m ds[38;5;241m.[39mset_coords(coord_names[38;5;241m.[39mintersection([38;5;28mvars[39m))
[1;32m     60[0m ds[38;5;241m.[39mset_close(filename_or_obj[38;5;241m.[39mclose)

File [0;32m~/mambaforge/envs/cciseastate/lib/python3.10/site-packages/xarray/core/dataset.py:694[0m, in [0;36mDataset.__init__[0;34m(self, data_vars, coords, attrs)[0m
[1;32m    691[0m [38;5;28;01mif[39;00m [38;5;28misinstance[39m(coords, Dataset):
[1;32m    692[0m     coords [38;5;241m=[39m coords[38;5;241m.[39m_variables
[0;32m--> 694[0m variables, coord_names, dims, indexes, _ [38;5;241m=[39m [43mmerge_data_and_coords[49m[43m([49m
[1;32m    695[0m [43m    [49m[43mdata_vars[49m[43m,[49m[43m [49m[43mcoords[49m
[1;32m    696[0m [43m[49m[43m)[49m
[1;32m    698[0m [38;5;28mself[39m[38;5;241m.[39m_attrs [38;5;241m=[39m [38;5;28mdict[39m(attrs) [38;5;28;01mif[39;00m attrs [38;5;129;01mis[39;00m [38;5;129;01mnot[39;00m [38;5;28;01mNone[39;00m [38;5;28;01melse[39;00m [38;5;28;01mNone[39;00m
[1;32m    699[0m [38;5;28mself[39m[38;5;241m.[39m_close [38;5;241m=[39m [38;5;28;01mNone[39;00m

File [0;32m~/mambaforge/envs/cciseastate/lib/python3.10/site-packages/xarray/core/dataset.py:423[0m, in [0;36mmerge_data_and_coords[0;34m(data_vars, coords)[0m
[1;32m    419[0m     coords [38;5;241m=[39m create_coords_with_default_indexes(coords, data_vars)
[1;32m    421[0m [38;5;66;03m# exclude coords from alignment (all variables in a Coordinates object should[39;00m
[1;32m    422[0m [38;5;66;03m# already be aligned together) and use coordinates' indexes to align data_vars[39;00m
[0;32m--> 423[0m [38;5;28;01mreturn[39;00m [43mmerge_core[49m[43m([49m
[1;32m    424[0m [43m    [49m[43m[[49m[43mdata_vars[49m[43m,[49m[43m [49m[43mcoords[49m[43m][49m[43m,[49m
[1;32m    425[0m [43m    [49m[43mcompat[49m[38;5;241;43m=[39;49m[38;5;124;43m"[39;49m[38;5;124;43mbroadcast_equals[39;49m[38;5;124;43m"[39;49m[43m,[49m
[1;32m    426[0m [43m    [49m[43mjoin[49m[38;5;241;43m=[39;49m[38;5;124;43m"[39;49m[38;5;124;43mouter[39;49m[38;5;124;43m"[39;49m[43m,[49m
[1;32m    427[0m [43m    [49m[43mexplicit_coords[49m[38;5;241;43m=[39;49m[38;5;28;43mtuple[39;49m[43m([49m[43mcoords[49m[43m)[49m[43m,[49m
[1;32m    428[0m [43m    [49m[43mindexes[49m[38;5;241;43m=[39;49m[43mcoords[49m[38;5;241;43m.[39;49m[43mxindexes[49m[43m,[49m
[1;32m    429[0m [43m    [49m[43mpriority_arg[49m[38;5;241;43m=[39;49m[38;5;241;43m1[39;49m[43m,[49m
[1;32m    430[0m [43m    [49m[43mskip_align_args[49m[38;5;241;43m=[39;49m[43m[[49m[38;5;241;43m1[39;49m[43m][49m[43m,[49m
[1;32m    431[0m [43m[49m[43m)[49m

File [0;32m~/mambaforge/envs/cciseastate/lib/python3.10/site-packages/xarray/core/merge.py:718[0m, in [0;36mmerge_core[0;34m(objects, compat, join, combine_attrs, priority_arg, explicit_coords, indexes, fill_value, skip_align_args)[0m
[1;32m    715[0m [38;5;28;01mfor[39;00m pos, obj [38;5;129;01min[39;00m skip_align_objs:
[1;32m    716[0m     aligned[38;5;241m.[39minsert(pos, obj)
[0;32m--> 718[0m collected [38;5;241m=[39m [43mcollect_variables_and_indexes[49m[43m([49m[43maligned[49m[43m,[49m[43m [49m[43mindexes[49m[38;5;241;43m=[39;49m[43mindexes[49m[43m)[49m
[1;32m    719[0m prioritized [38;5;241m=[39m _get_priority_vars_and_indexes(aligned, priority_arg, compat[38;5;241m=[39mcompat)
[1;32m    720[0m variables, out_indexes [38;5;241m=[39m merge_collected(
[1;32m    721[0m     collected, prioritized, compat[38;5;241m=[39mcompat, combine_attrs[38;5;241m=[39mcombine_attrs
[1;32m    722[0m )

File [0;32m~/mambaforge/envs/cciseastate/lib/python3.10/site-packages/xarray/core/merge.py:358[0m, in [0;36mcollect_variables_and_indexes[0;34m(list_of_mappings, indexes)[0m
[1;32m    355[0m     indexes_[38;5;241m.[39mpop(name, [38;5;28;01mNone[39;00m)
[1;32m    356[0m     append_all(coords_, indexes_)
[0;32m--> 358[0m variable [38;5;241m=[39m [43mas_variable[49m[43m([49m[43mvariable[49m[43m,[49m[43m [49m[43mname[49m[38;5;241;43m=[39;49m[43mname[49m[43m)[49m
[1;32m    359[0m [38;5;28;01mif[39;00m name [38;5;129;01min[39;00m indexes:
[1;32m    360[0m     append(name, variable, indexes[name])

File [0;32m~/mambaforge/envs/cciseastate/lib/python3.10/site-packages/xarray/core/variable.py:159[0m, in [0;36mas_variable[0;34m(obj, name)[0m
[1;32m    152[0m     [38;5;28;01mraise[39;00m [38;5;167;01mTypeError[39;00m(
[1;32m    153[0m         [38;5;124mf[39m[38;5;124m"[39m[38;5;124mVariable [39m[38;5;132;01m{[39;00mname[38;5;132;01m!r}[39;00m[38;5;124m: unable to convert object into a variable without an [39m[38;5;124m"[39m
[1;32m    154[0m         [38;5;124mf[39m[38;5;124m"[39m[38;5;124mexplicit list of dimensions: [39m[38;5;132;01m{[39;00mobj[38;5;132;01m!r}[39;00m[38;5;124m"[39m
[1;32m    155[0m     )
[1;32m    157[0m [38;5;28;01mif[39;00m name [38;5;129;01mis[39;00m [38;5;129;01mnot[39;00m [38;5;28;01mNone[39;00m [38;5;129;01mand[39;00m name [38;5;129;01min[39;00m obj[38;5;241m.[39mdims [38;5;129;01mand[39;00m obj[38;5;241m.[39mndim [38;5;241m==[39m [38;5;241m1[39m:
[1;32m    158[0m     [38;5;66;03m# automatically convert the Variable into an Index[39;00m
[0;32m--> 159[0m     obj [38;5;241m=[39m [43mobj[49m[38;5;241;43m.[39;49m[43mto_index_variable[49m[43m([49m[43m)[49m
[1;32m    161[0m [38;5;28;01mreturn[39;00m obj

File [0;32m~/mambaforge/envs/cciseastate/lib/python3.10/site-packages/xarray/core/variable.py:572[0m, in [0;36mVariable.to_index_variable[0;34m(self)[0m
[1;32m    570[0m [38;5;28;01mdef[39;00m [38;5;21mto_index_variable[39m([38;5;28mself[39m) [38;5;241m-[39m[38;5;241m>[39m IndexVariable:
[1;32m    571[0m [38;5;250m    [39m[38;5;124;03m"""Return this variable as an xarray.IndexVariable"""[39;00m
[0;32m--> 572[0m     [38;5;28;01mreturn[39;00m [43mIndexVariable[49m[43m([49m
[1;32m    573[0m [43m        [49m[38;5;28;43mself[39;49m[38;5;241;43m.[39;49m[43m_dims[49m[43m,[49m[43m [49m[38;5;28;43mself[39;49m[38;5;241;43m.[39;49m[43m_data[49m[43m,[49m[43m [49m[38;5;28;43mself[39;49m[38;5;241;43m.[39;49m[43m_attrs[49m[43m,[49m[43m [49m[43mencoding[49m[38;5;241;43m=[39;49m[38;5;28;43mself[39;49m[38;5;241;43m.[39;49m[43m_encoding[49m[43m,[49m[43m [49m[43mfastpath[49m[38;5;241;43m=[39;49m[38;5;28;43;01mTrue[39;49;00m
[1;32m    574[0m [43m    [49m[43m)[49m

File [0;32m~/mambaforge/envs/cciseastate/lib/python3.10/site-packages/xarray/core/variable.py:2641[0m, in [0;36mIndexVariable.__init__[0;34m(self, dims, data, attrs, encoding, fastpath)[0m
[1;32m   2639[0m [38;5;66;03m# Unlike in Variable, always eagerly load values into memory[39;00m
[1;32m   2640[0m [38;5;28;01mif[39;00m [38;5;129;01mnot[39;00m [38;5;28misinstance[39m([38;5;28mself[39m[38;5;241m.[39m_data, PandasIndexingAdapter):
[0;32m-> 2641[0m     [38;5;28mself[39m[38;5;241m.[39m_data [38;5;241m=[39m [43mPandasIndexingAdapter[49m[43m([49m[38;5;28;43mself[39;49m[38;5;241;43m.[39;49m[43m_data[49m[43m)[49m

File [0;32m~/mambaforge/envs/cciseastate/lib/python3.10/site-packages/xarray/core/indexing.py:1481[0m, in [0;36mPandasIndexingAdapter.__init__[0;34m(self, array, dtype)[0m
[1;32m   1478[0m [38;5;28;01mdef[39;00m [38;5;21m__init__[39m([38;5;28mself[39m, array: pd[38;5;241m.[39mIndex, dtype: DTypeLike [38;5;241m=[39m [38;5;28;01mNone[39;00m):
[1;32m   1479[0m     [38;5;28;01mfrom[39;00m [38;5;21;01mxarray[39;00m[38;5;21;01m.[39;00m[38;5;21;01mcore[39;00m[38;5;21;01m.[39;00m[38;5;21;01mindexes[39;00m [38;5;28;01mimport[39;00m safe_cast_to_index
[0;32m-> 1481[0m     [38;5;28mself[39m[38;5;241m.[39marray [38;5;241m=[39m [43msafe_cast_to_index[49m[43m([49m[43marray[49m[43m)[49m
[1;32m   1483[0m     [38;5;28;01mif[39;00m dtype [38;5;129;01mis[39;00m [38;5;28;01mNone[39;00m:
[1;32m   1484[0m         [38;5;28mself[39m[38;5;241m.[39m_dtype [38;5;241m=[39m get_valid_numpy_dtype(array)

File [0;32m~/mambaforge/envs/cciseastate/lib/python3.10/site-packages/xarray/core/indexes.py:469[0m, in [0;36msafe_cast_to_index[0;34m(array)[0m
[1;32m    459[0m             emit_user_level_warning(
[1;32m    460[0m                 (
[1;32m    461[0m                     [38;5;124m"[39m[38;5;124m`pandas.Index` does not support the `float16` dtype.[39m[38;5;124m"[39m
[0;32m   (...)[0m
[1;32m    465[0m                 category[38;5;241m=[39m[38;5;167;01mDeprecationWarning[39;00m,
[1;32m    466[0m             )
[1;32m    467[0m             kwargs[[38;5;124m"[39m[38;5;124mdtype[39m[38;5;124m"[39m] [38;5;241m=[39m [38;5;124m"[39m[38;5;124mfloat64[39m[38;5;124m"[39m
[0;32m--> 469[0m     index [38;5;241m=[39m pd[38;5;241m.[39mIndex([43mnp[49m[38;5;241;43m.[39;49m[43masarray[49m[43m([49m[43marray[49m[43m)[49m, [38;5;241m*[39m[38;5;241m*[39mkwargs)
[1;32m    471[0m [38;5;28;01mreturn[39;00m _maybe_cast_to_cftimeindex(index)

File [0;32m~/mambaforge/envs/cciseastate/lib/python3.10/site-packages/xarray/core/indexing.py:474[0m, in [0;36mExplicitlyIndexedNDArrayMixin.__array__[0;34m(self, dtype)[0m
[1;32m    471[0m [38;5;28;01mdef[39;00m [38;5;21m__array__[39m([38;5;28mself[39m, dtype: np[38;5;241m.[39mtyping[38;5;241m.[39mDTypeLike [38;5;241m=[39m [38;5;28;01mNone[39;00m) [38;5;241m-[39m[38;5;241m>[39m np[38;5;241m.[39mndarray:
[1;32m    472[0m     [38;5;66;03m# This is necessary because we apply the indexing key in self.get_duck_array()[39;00m
[1;32m    473[0m     [38;5;66;03m# Note this is the base class for all lazy indexing classes[39;00m
[0;32m--> 474[0m     [38;5;28;01mreturn[39;00m np[38;5;241m.[39masarray([38;5;28;43mself[39;49m[38;5;241;43m.[39;49m[43mget_duck_array[49m[43m([49m[43m)[49m, dtype[38;5;241m=[39mdtype)

File [0;32m~/mambaforge/envs/cciseastate/lib/python3.10/site-packages/xarray/core/indexing.py:554[0m, in [0;36mLazilyIndexedArray.get_duck_array[0;34m(self)[0m
[1;32m    553[0m [38;5;28;01mdef[39;00m [38;5;21mget_duck_array[39m([38;5;28mself[39m):
[0;32m--> 554[0m     array [38;5;241m=[39m [38;5;28;43mself[39;49m[38;5;241;43m.[39;49m[43marray[49m[43m[[49m[38;5;28;43mself[39;49m[38;5;241;43m.[39;49m[43mkey[49m[43m][49m
[1;32m    555[0m     [38;5;66;03m# self.array[self.key] is now a numpy array when[39;00m
[1;32m    556[0m     [38;5;66;03m# self.array is a BackendArray subclass[39;00m
[1;32m    557[0m     [38;5;66;03m# and self.key is BasicIndexer((slice(None, None, None),))[39;00m
[1;32m    558[0m     [38;5;66;03m# so we need the explicit check for ExplicitlyIndexed[39;00m
[1;32m    559[0m     [38;5;28;01mif[39;00m [38;5;28misinstance[39m(array, ExplicitlyIndexed):

File [0;32m~/mambaforge/envs/cciseastate/lib/python3.10/site-packages/xarray/coding/strings.py:244[0m, in [0;36mStackedBytesArray.__getitem__[0;34m(self, key)[0m
[1;32m    242[0m [38;5;28;01mif[39;00m key[38;5;241m.[39mtuple[[38;5;241m-[39m[38;5;241m1[39m] [38;5;241m!=[39m [38;5;28mslice[39m([38;5;28;01mNone[39;00m):
[1;32m    243[0m     [38;5;28;01mraise[39;00m [38;5;167;01mIndexError[39;00m([38;5;124m"[39m[38;5;124mtoo many indices[39m[38;5;124m"[39m)
[0;32m--> 244[0m [38;5;28;01mreturn[39;00m [43m_numpy_char_to_bytes[49m[43m([49m[38;5;28;43mself[39;49m[38;5;241;43m.[39;49m[43marray[49m[43m[[49m[43mkey[49m[43m][49m[43m)[49m

File [0;32m~/mambaforge/envs/cciseastate/lib/python3.10/site-packages/xarray/coding/strings.py:201[0m, in [0;36m_numpy_char_to_bytes[0;34m(arr)[0m
[1;32m    199[0m [38;5;250m[39m[38;5;124;03m"""Like netCDF4.chartostring, but faster and more flexible."""[39;00m
[1;32m    200[0m [38;5;66;03m# based on: http://stackoverflow.com/a/10984878/809705[39;00m
[0;32m--> 201[0m arr [38;5;241m=[39m [43mnp[49m[38;5;241;43m.[39;49m[43marray[49m[43m([49m[43marr[49m[43m,[49m[43m [49m[43mcopy[49m[38;5;241;43m=[39;49m[38;5;28;43;01mFalse[39;49;00m[43m,[49m[43m [49m[43morder[49m[38;5;241;43m=[39;49m[38;5;124;43m"[39;49m[38;5;124;43mC[39;49m[38;5;124;43m"[39;49m[43m)[49m
[1;32m    202[0m dtype [38;5;241m=[39m [38;5;124m"[39m[38;5;124mS[39m[38;5;124m"[39m [38;5;241m+[39m [38;5;28mstr[39m(arr[38;5;241m.[39mshape[[38;5;241m-[39m[38;5;241m1[39m])
[1;32m    203[0m [38;5;28;01mreturn[39;00m arr[38;5;241m.[39mview(dtype)[38;5;241m.[39mreshape(arr[38;5;241m.[39mshape[:[38;5;241m-[39m[38;5;241m1[39m])

[0;31mValueError[0m: Unable to avoid copy while creating an array as requested.
If using `np.array(obj, copy=False)` replace it with `np.asarray(obj)` to allow a copy when needed (no behavior change in NumPy 1.x).
For more details, see https://numpy.org/devdocs/numpy_2_0_migration_guide.html#adapting-to-changes-in-the-copy-keyword.

